// Jest Snapshot v1, https://goo.gl/fbAQLP

exports[`renders Welcome 1`] = `
<DocumentFragment>
  <div
    class="card"
  >
    <div
      class="card-body"
    >
      <div
        class="container"
      >
        <div
          class="row"
        >
          <div
            class="col-4"
          >
            <div
              class="card"
            >
              <div
                class="card-body"
              >
                <div>
                  <div
                    class="navbar-nav ml-auto"
                  >
                    <li
                      class="nav-item"
                    >
                      <a
                        class="nav-link"
                        href="/login"
                      >
                        Login
                      </a>
                    </li>
                    <li
                      class="nav-item"
                    >
                      <a
                        class="nav-link"
                        href="/register"
                      >
                        Sign Up
                      </a>
                    </li>
                  </div>
                </div>
              </div>
            </div>
          </div>
          <div
            class="col-8"
          >
            <div
              class="container"
            >
              <div
                class="submit-form"
              >
                <div>
                  <div
                    class="form-group"
                  >
                    <label
                      for="title"
                    >
                      Title
                    </label>
                    <input
                      class="form-control"
                      id="title"
                      name="title"
                      required=""
                      type="text"
                      value=""
                    />
                  </div>
                  <div
                    class="form-group"
                  >
                    <label
                      for="description"
                    >
                      Description
                    </label>
                    <input
                      class="form-control"
                      id="description"
                      name="description"
                      required=""
                      type="text"
                      value=""
                    />
                  </div>
                  <div
                    class="App"
                  >
                    <h3>
                      Select Toppings
                    </h3>
                    <ul
                      class="toppings-list"
                    >
                      <li>
                        <div
                          class="toppings-list-item"
                        >
                          <div
                            class="left-section"
                          >
                            <input
                              id="custom-checkbox-0"
                              name="Capsicum"
                              type="checkbox"
                              value="Capsicum"
                            />
                            <label
                              for="custom-checkbox-0"
                            >
                              Capsicum
                            </label>
                          </div>
                        </div>
                      </li>
                      <li>
                        <div
                          class="toppings-list-item"
                        >
                          <div
                            class="left-section"
                          >
                            <input
                              id="custom-checkbox-1"
                              name="Paneer"
                              type="checkbox"
                              value="Paneer"
                            />
                            <label
                              for="custom-checkbox-1"
                            >
                              Paneer
                            </label>
                          </div>
                        </div>
                      </li>
                      <li>
                        <div
                          class="toppings-list-item"
                        >
                          <div
                            class="left-section"
                          >
                            <input
                              id="custom-checkbox-2"
                              name="Red Paprika"
                              type="checkbox"
                              value="Red Paprika"
                            />
                            <label
                              for="custom-checkbox-2"
                            >
                              Red Paprika
                            </label>
                          </div>
                        </div>
                      </li>
                      <li>
                        <div
                          class="toppings-list-item"
                        >
                          <div
                            class="left-section"
                          >
                            <input
                              id="custom-checkbox-3"
                              name="Onions"
                              type="checkbox"
                              value="Onions"
                            />
                            <label
                              for="custom-checkbox-3"
                            >
                              Onions
                            </label>
                          </div>
                        </div>
                      </li>
                      <li>
                        <div
                          class="toppings-list-item"
                        >
                          <div
                            class="left-section"
                          >
                            <input
                              id="custom-checkbox-4"
                              name="Extra Cheese"
                              type="checkbox"
                              value="Extra Cheese"
                            />
                            <label
                              for="custom-checkbox-4"
                            >
                              Extra Cheese
                            </label>
                          </div>
                        </div>
                      </li>
                      <li>
                        <div
                          class="toppings-list-item"
                        >
                          <div
                            class="left-section"
                          >
                            <input
                              id="custom-checkbox-5"
                              name="Baby Corns"
                              type="checkbox"
                              value="Baby Corns"
                            />
                            <label
                              for="custom-checkbox-5"
                            >
                              Baby Corns
                            </label>
                          </div>
                        </div>
                      </li>
                      <li>
                        <div
                          class="toppings-list-item"
                        >
                          <div
                            class="left-section"
                          >
                            <input
                              id="custom-checkbox-6"
                              name="Mushroom"
                              type="checkbox"
                              value="Mushroom"
                            />
                            <label
                              for="custom-checkbox-6"
                            >
                              Mushroom
                            </label>
                          </div>
                        </div>
                      </li>
                    </ul>
                  </div>
                  <button
                    class="btn btn-success"
                  >
                    Submit
                  </button>
                </div>
              </div>
            </div>
          </div>
        </div>
      </div>
    </div>
  </div>
</DocumentFragment>
`;
